===========================
Mon Oct  5 00:01:01 UTC 2026
墙外	41	0	0	0	http://107.172.0.114:12580/clash/proxies
墙内	31	0	0	0	http://107.172.0.114:12581/clash/proxies
墙内	20	0	0	0	http://107.173.140.25:12581/clash/proxies
#墙内[100d23h]	19	0	0	0	http://138.2.112.136:12580/clash/proxies
#墙内[166d3h]	267	0	1	0	http://140.238.31.152:12580/clash/proxies
#墙内[47d11h]	4	0	0	0	http://158.180.234.237:12580/clash/proxies
墙内	303	0	3	0	http://165.154.105.225/clash/proxies
墙内	303	0	3	0	http://165.154.105.225:12580/clash/proxies
墙内	1	0	0	0	http://168.138.213.241:12580/clash/proxies
#墙内[75d7h]	21	0	0	0	http://176.126.114.231:12580/clash/proxies
#墙外[160d23h]	1	0	0	0	http://23.105.208.11/clash/proxies
墙内	20	0	0	0	http://23.94.43.248:12581/clash/proxies
墙内	429	0	3	0	http://38.45.71.118:12580/clash/proxies
墙内	530	0	0	0	http://43.207.145.186:8080/clash/proxies
墙内	141	0	2	0	http://66.42.50.118:12580/clash/proxies
#墙内[54d7h]	31	0	0	0	http://8.149.134.37:12585/clash/proxies
#墙内[9d5h]	162	0	0	0	http://clash.554556.xyz
墙内	723	0	0	0	http://d.zaix.ru/nbLm.txt
墙内	52	0	0	0	http://d.zaix.ru/nbhA.txt
墙内	2382	0	0	0	http://d.zaix.ru/nbhn.txt
墙内	4161	0	0	0	http://d.zaix.ru/nbhq.txt
墙内	476	0	0	0	http://d.zaix.ru/nbhx.txt
墙内	98	116	0	0	http://d.zaix.ru/ncBp.txt
#墙外[382d0h]	4	0	0	0	http://free-proxy.cz/
#墙内[169d3h]	1	0	0	0	http://kiwi2.cgweb.top/clash/proxies
墙内	82	0	0	0	http://mjj.oldzhg.com
墙内	14	1	0	0	http://pool.cfip.nyc.mn
#墙内[47d11h]	1	0	0	0	http://pp.dcd.one/clash/proxies
#墙内[96d5h]	23	0	0	0	http://proxy.kaobt.com/clash/proxies
墙内	96	0	0	0	http://proxy.zheyu.one
墙内	140	0	0	0	http://proxypool1999.banyunxiaoxi.icu/clash/proxies
墙内	100	0	0	0	http://www.ip3366.net/
#墙内[1d20h]	6	0	0	0	http://www.kiwi2.cgweb.top/clash/proxies
墙内	140	0	0	0	http://www.kxdaili.com/
墙外	383	0	13	0	https://advanced.name/
墙外	7	0	0	0	https://ai.jiedianxielou.workers.dev
#墙外[4d22h]	1084	0	0	0	https://api.github.com/repos/Barabama/FreeNodes/contents/nodes?ref=master
#墙外[4d22h]	1386	0	0	0	https://api.github.com/repos/Epodonios/v2ray-configs/contents/Splitted-By-Protocol?ref=main
#墙外[4d22h]	42	0	1	0	https://api.github.com/repos/Heart-Stealer/myclash/contents?ref=main
#墙外[4d22h]	282	0	0	0	https://api.github.com/repos/Huibq/TrojanLinks/contents/links?ref=master
#墙外[4d22h]	12495	0	0	0	https://api.github.com/repos/Leon406/SubCrawler/contents/sub/share?ref=main
#墙外[4d22h]	271	0	0	0	https://api.github.com/repos/Mohammadgb0078/IRV2ray/contents?ref=main
#墙外[4d22h]	6883	0	21	1	https://api.github.com/repos/Q3dlaXpoaQ/V2rayN_Clash_Node_Getter/contents/APIs?ref=main
#墙外[4d22h]	275	0	0	0	https://api.github.com/repos/SnapdragonLee/SystemProxy/contents/dist?ref=master
#墙外[4d22h]	189	0	0	0	https://api.github.com/repos/chongdong1230/dxz/contents?ref=main
#墙外[4d22h]	11504	0	4	1	https://api.github.com/repos/ctsfork/web/contents/vpn/yml?ref=main
#墙外[4d22h]	2521	0	0	0	https://api.github.com/repos/dimzon/scaling-sniffle/contents/any?ref=main
#墙外[4d22h]	414	0	0	0	https://api.github.com/repos/free-nodes/clashfree/contents?ref=main
墙内	1	0	0	0	https://api.github.com/repos/itsyebekhe/PSG/contents/subscriptions?ref=main[All]
墙外	172	2	0	0	https://api.github.com/repos/itxve/fetch-clash-node/contents/node?ref=main
墙外	515	0	0	0	https://api.github.com/repos/kevin-wud/v2ray-node/contents?ref=main
墙外	967	0	5	3	https://api.github.com/repos/sangowd/free_doom/contents?ref=main
墙外	121	0	6	2	https://api.github.com/repos/snakem982/proxypool/contents/source?ref=main
墙外	210	0	26	3	https://api.github.com/repos/ssrsub/ssr/contents?ref=master
墙外	509	0	0	0	https://api.github.com/repos/suweisheng/test/contents?ref=main
墙外	799	0	0	0	https://api.github.com/repos/w1770946466/Auto_proxy/contents?ref=main
墙外	259	0	0	0	https://api.github.com/repos/xiaoji235/airport-free/contents/clash?ref=main
墙外	64	0	0	0	https://api.github.com/repos/yaney01/Yaney01/contents?ref=main
墙外	1782	0	0	0	https://api.github.com/repos/yangxiaoge/tvbox_cust/contents/clash?ref=master
墙外	1037	0	0	0	https://api.github.com/repos/zhangkaiitugithub/SubCrawler/contents/sub/share?ref=main
墙内	19701	0	101	0	https://api.openproxylist.xyz/
墙内	4	0	0	0	https://app.netlas.io/
墙内	140	0	0	0	https://check.banyunxiaoxi.icu/sub/sub-base64.txt
墙内	135	0	0	0	https://chromego-sub.netlify.app/sub/merged_proxies_new.yaml
墙外	80	0	0	0	https://cyber-gateway.net/
墙内	4	0	0	0	https://fforever.github.io/v2rayfree
#墙内[167d6h]	30	0	0	0	https://fofa.info/
墙外	400	0	14	0	https://free-proxy-list.net/
墙内	247	0	2	0	https://free.kingfu.top/clash/proxies
墙内	152	0	3	0	https://freeproxyupdate.com/
墙内	3118	0	42	0	https://geonode.com/
墙内	1390	0	0	0	https://github.com/AzadNetCH/Clash/archive/main.zip
墙内	38	0	1	0	https://github.com/Heart-Stealer/myclash/archive/main.zip
墙内	81	0	0	0	https://github.com/Kwinshadow/TelegramV2rayCollector/archive/main.zip
墙外	15996	0	5	0	https://github.com/MuRongPIG/Proxy-Master/
墙外	3008	0	45	0	https://github.com/TheSpeedX/PROXY-List/
墙内	500	0	0	0	https://github.com/WilliamStar007/ClashX-V2Ray-TopFreeProxy/archive/main.zip
墙内	314	0	0	0	https://github.com/YaChengMu/my_clash_url/archive/main.zip
墙内	817	0	0	0	https://github.com/YasserDivaR/pr0xy/archive/main.zip
墙外	390	0	24	0	https://github.com/Zaeem20/FREE_PROXIES_LIST/
墙外	910	0	19	0	https://github.com/elliottophellia/proxylist/
墙外	11270	0	60	0	https://github.com/hookzof/socks5_list/
墙内	1872	0	0	0	https://github.com/lflflf999/0516/archive/main.zip
墙外	492	0	16	0	https://github.com/mmpx12/proxy-list/
墙外	1512	0	18	0	https://github.com/monosans/proxy-list/
墙外	89508	0	208	7	https://github.com/mzyui/proxy-list/
墙外	6832	0	229	24	https://github.com/proxifly/free-proxy-list/
墙外	8250	0	37	0	https://github.com/r00tee/Proxy-List/
墙外	244	0	0	0	https://github.com/roosterkid/openproxylist/
墙外	1017	0	14	0	https://github.com/sunny9577/proxy-scraper/
墙内	219	0	0	0	https://github.com/tiddlerhxy/test/archive/master.zip
墙外	524	0	0	0	https://github.com/vakhov/fresh-proxy-list/
墙外	898	0	12	0	https://github.com/zloi-user/hideip.me/
墙内	197	0	0	0	https://github.com/zxgs/xx/archive/main.zip
墙内	958	0	9	0	https://gologin.com/
墙内	64	0	0	0	https://hide.mn/
墙内	11	0	0	0	https://hyt-allen-xu.netlify.app
墙内	39	0	0	0	https://iwxf.netlify.app
墙内	276	0	0	0	https://jiang.netlify.app
墙内	20	0	0	0	https://muma16fx.netlify.app
#墙内[47d11h]	1	0	0	0	https://pp.dcd.one/clash/proxies
#墙内[96d5h]	27	0	0	0	https://proxy.kaobt.com/clash/proxies
#墙内[5d17h]	393	0	12	0	https://proxybros.com/
#墙内[6d23h]	1041	0	1	0	https://proxycompass.com/
墙内	90	0	5	0	https://proxydb.net/
#墙内[141d4h]	60	0	0	0	https://proxyhub.me/
墙内	228	0	1	0	https://proxypool.link/clash/proxies
墙内	152	0	1	0	https://proxypool1999.banyunxiaoxi.icu/clash/proxies
墙外	271	0	8	0	https://proxyscrape.com/
#墙内[76d19h]	31	0	0	0	https://pxypool.131433.xyz/clash/proxies
墙内	1	0	0	0	https://qiaomenzhuanfx.netlify.app
#墙内[17d6h]	356	0	3	1	https://quake.360.net/
墙外	160	0	0	0	https://raw.githubusercontent.com/245237866/v2rayn/main/everydaynode
墙外	86	0	0	0	https://raw.githubusercontent.com/3aTST/MD/main/clash
墙外	271	0	0	0	https://raw.githubusercontent.com/ALIILAPRO/v2rayNG-Config/main/sub.txt
墙外	267	0	0	0	https://raw.githubusercontent.com/Airuop/cross/master/Eternity
墙外	57	0	0	0	https://raw.githubusercontent.com/Ashkan-m/v2ray/main/Sub.txt
墙外	63	0	0	0	https://raw.githubusercontent.com/Creativveb/v2configs/main/updated
墙外	79	0	0	0	https://raw.githubusercontent.com/FNET00bot/FNET00BOT/Config/Main
墙外	72	0	0	0	https://raw.githubusercontent.com/HakurouKen/free-node/main/public
墙外	28	0	0	0	https://raw.githubusercontent.com/Jason05211211/Freerocket/main/freessr
墙外	329	0	0	0	https://raw.githubusercontent.com/Jia-Pingwa/free-v2ray-merge/main/output.txt
墙外	83	0	0	0	https://raw.githubusercontent.com/John19187/v2ray-SSR-Clash-Verge-Shadowrocke/main/README.md
墙外	492	0	0	0	https://raw.githubusercontent.com/Junely/clash/main/template3.yaml
墙外	1752	0	0	0	https://raw.githubusercontent.com/LalatinaHub/Mineral/master/result/nodes
墙外	928	0	0	0	https://raw.githubusercontent.com/Leon406/SubCrawler/main/sub/share/vless
墙外	33	0	0	0	https://raw.githubusercontent.com/Lewis-1217/FreeNodes/main/bpjzx1
墙外	6	0	0	0	https://raw.githubusercontent.com/Lewis-1217/FreeNodes/main/bpjzx2
墙外	1080	0	0	0	https://raw.githubusercontent.com/LonUp/NodeList/main/Clash/Node/Latest.yaml
墙外	12	0	0	0	https://raw.githubusercontent.com/MOnday9907/v2ray/main/v2ray.txt
#墙内[27d23h]	1	0	0	0	https://raw.githubusercontent.com/Mahanfix/v2rayvpn/main/mahanfix
墙外	538	1	1	1	https://raw.githubusercontent.com/MhdiTaheri/V2rayCollector/main/sub/mix
墙外	1	0	0	0	https://raw.githubusercontent.com/Mr8AHAL/v2ray/main/SERVER.txt
墙外	1519	0	0	0	https://raw.githubusercontent.com/NiceVPN123/NiceVPN/main/Clash.yaml
墙外	12	0	1	0	https://raw.githubusercontent.com/Pawdroid/Free-servers/main/sub
墙外	495	0	36	3	https://raw.githubusercontent.com/Ruk1ng001/freeSub/main/clash.yaml
#墙内[172d6h]	7	0	0	0	https://raw.githubusercontent.com/SC-KB120301/yml/main/config.yaml
墙外	27	0	0	0	https://raw.githubusercontent.com/SamanValipour1/My-v2ray-configs/main/MySub.txt
墙外	7960	204	4	2	https://raw.githubusercontent.com/SoliSpirit/v2ray-configs/main/all_configs.txt
墙外	4528	1	4	2	https://raw.githubusercontent.com/Surfboardv2ray/TGParse/main/splitted/mixed
墙外	119	0	0	0	https://raw.githubusercontent.com/Tenerome/v2ray/main/vmess.txt
墙外	5	0	0	0	https://raw.githubusercontent.com/UmeLabs/node.umelabs.dev/master/Subscribe/v2ray.md
墙外	5	0	0	0	https://raw.githubusercontent.com/VpnNetwork01/vpn-net/main/README.md
墙外	189	0	0	0	https://raw.githubusercontent.com/YasserDivaR/pr0xy/main/ShadowSocks2021.txt
#墙内[99d12h]	61	0	0	0	https://raw.githubusercontent.com/YasserDivaR/pr0xy/main/mycustom1.txt
墙外	306	0	0	0	https://raw.githubusercontent.com/ZY-404/v2ray/main/v2ray.txt
墙外	231	0	0	0	https://raw.githubusercontent.com/ZywChannel/free/main/sub
墙外	60	0	0	0	https://raw.githubusercontent.com/a313132121/v2rayn/main/everydaynode
墙外	469	0	2	0	https://raw.githubusercontent.com/acymz/AutoVPN/main/data/V2.txt
墙外	71	0	0	0	https://raw.githubusercontent.com/adiwzx/freenode/main/adispeed.yml
墙外	16	0	0	0	https://raw.githubusercontent.com/adminaliang/v2ray/main/v2ray
墙外	38	0	4	0	https://raw.githubusercontent.com/anaer/Sub/main/proxies.yaml
墙外	32	0	0	0	https://raw.githubusercontent.com/awesome-vpn/awesome-vpn/master/all
墙外	18	0	0	0	https://raw.githubusercontent.com/baip01/clash/main/clash
墙外	4867	1	4	2	https://raw.githubusercontent.com/barry-far/V2ray-config/main/All_Configs_base64_Sub.txt
墙外	69	0	0	0	https://raw.githubusercontent.com/bingoYB/node_processing/main/dist/all.yaml
墙外	2	0	0	0	https://raw.githubusercontent.com/bingshengyang/ssr2/master/a.html
墙外	622	0	6	2	https://raw.githubusercontent.com/chengaopan/AutoMergePublicNodes/master/list.txt
墙外	232	0	0	0	https://raw.githubusercontent.com/chfchf0306/jeidian4.18/main/4.18
墙外	44	0	0	0	https://raw.githubusercontent.com/codingbox/Free-Node-Merge/main/node.txt
墙外	18	0	0	0	https://raw.githubusercontent.com/dalazhi/v2ray/main/v2ray%E8%AE%A2%E9%98%85
墙外	1614	0	3	0	https://raw.githubusercontent.com/dongchengjie/airport/refs/heads/main/subs/merged/tested_within.yaml
墙外	518	0	4	2	https://raw.githubusercontent.com/ermaozi/get_subscribe/main/subscribe/clash.yml
墙外	19	0	1	1	https://raw.githubusercontent.com/ermaozi01/free_clash_vpn/main/subscribe/clash.yml
墙外	9334	8	0	0	https://raw.githubusercontent.com/fansiphone/pachong-tom/master/snippets/nodes.yml
墙外	21	0	0	0	https://raw.githubusercontent.com/firefoxmmx2/v2rayshare_subcription/main/subscription/clash_sub.yaml
墙外	3	0	0	0	https://raw.githubusercontent.com/free18/v2ray/main/README.md
墙外	284	0	3	2	https://raw.githubusercontent.com/free18/v2ray/main/c.yaml
墙外	41	0	0	0	https://raw.githubusercontent.com/freebaipiao/freebaipiao/main/freebaipiao.yaml
墙外	15	0	0	0	https://raw.githubusercontent.com/freefq/free/master/v2
墙外	233	0	0	0	https://raw.githubusercontent.com/gffice/runproxypool123/master/docs/clash/proxies
#墙内[113d5h]	6	0	0	0	https://raw.githubusercontent.com/ggborr/FREEE-VPN/main/3cl
墙外	17	0	0	0	https://raw.githubusercontent.com/gitbigg/permalink/main/subscribe
墙外	3	0	0	0	https://raw.githubusercontent.com/githubvpn007/v2rayNvpn/main/README.md
墙外	15	0	0	0	https://raw.githubusercontent.com/go4sharing/sub/main/sub.yaml
墙外	133	0	0	0	https://raw.githubusercontent.com/hkaa0/permalink/main/proxy/clash.yaml
墙外	32	0	0	0	https://raw.githubusercontent.com/hsb4657/v2ray/main/lastest.txt
墙外	13	0	0	0	https://raw.githubusercontent.com/igeekshare/GeekshareFreeNode/main/clash/Geekshare.yaml
墙外	29	0	0	0	https://raw.githubusercontent.com/imohammadkhalili/V2RAY/main/Mkhalili
墙外	12	0	0	0	https://raw.githubusercontent.com/jikelonglie/meskell/main/meskell
墙外	190	0	0	0	https://raw.githubusercontent.com/kaoxindalao/v2raycheshi/main/v2raycheshi
墙外	55	0	0	0	https://raw.githubusercontent.com/kazabelica/Optimized-Server-List/main/ping-all.yaml
墙外	8	0	0	0	https://raw.githubusercontent.com/learnhard-cn/free_proxy_ss/main/free
墙外	43	0	0	0	https://raw.githubusercontent.com/ljsshd/aggregator/main/data/clash.yaml
墙外	61	0	0	0	https://raw.githubusercontent.com/mahdibland/V2RayAggregator/master/sub/airport_merge_base64.txt
墙外	4295	0	0	0	https://raw.githubusercontent.com/mahdibland/V2RayAggregator/master/sub/sub_merge_yaml.yml
墙外	38	0	0	0	https://raw.githubusercontent.com/mahdibland/get_v2/main/pub/combine.yaml
墙外	117	0	0	0	https://raw.githubusercontent.com/mfbpn/tg_mfbpn_sub/main/trial.yaml
#墙内[34d23h]	44	0	0	0	https://raw.githubusercontent.com/mfuu/v2ray/master/clash.yaml
墙外	2282	1	2	0	https://raw.githubusercontent.com/mheidari98/.proxy/main/all
墙外	133	0	0	0	https://raw.githubusercontent.com/misersun/config003/main/config_all.yaml
墙外	10	0	0	0	https://raw.githubusercontent.com/mlabalabala/v2ray-node/main/nodefree4clash.txt
墙外	25	0	0	0	https://raw.githubusercontent.com/nasheep/FreeNode/main/clash/PlayLab
墙外	662	0	0	0	https://raw.githubusercontent.com/nyeinkokoaung404/V2ray-Configs/main/All_Configs_Sub.txt
墙外	5	0	0	0	https://raw.githubusercontent.com/parsashonam/v2ray/main/all
墙外	26	0	0	0	https://raw.githubusercontent.com/peacefish/nodefree/main/sub/clash_openshare.yaml
墙外	129	0	0	0	https://raw.githubusercontent.com/peasoft/NoMoreWalls/master/list.yml
墙外	3841	0	83	3	https://raw.githubusercontent.com/proxifly/free-proxy-list/main/proxies/protocols/http/data.txt
墙外	439	0	33	0	https://raw.githubusercontent.com/proxifly/free-proxy-list/main/proxies/protocols/socks4/data.txt
墙外	7398	0	59	0	https://raw.githubusercontent.com/proxifly/free-proxy-list/main/proxies/protocols/socks5/data.txt
墙外	60	0	0	0	https://raw.githubusercontent.com/renyige1314/CLASH/main/CLASH
墙外	106	0	0	0	https://raw.githubusercontent.com/resasanian/Mirza/main/sub
墙外	14	0	0	0	https://raw.githubusercontent.com/ripaojiedian/freenode/main/clash
墙外	187	0	0	0	https://raw.githubusercontent.com/ronghuaxueleng/get_v2/main/pub/combine.yaml
墙外	124	0	0	0	https://raw.githubusercontent.com/roosterkid/openproxylist/main/V2RAY_RAW.txt
墙外	868	0	0	0	https://raw.githubusercontent.com/rzhy1/11/master/sub/sub_merge_base64.txt
墙外	452	0	0	0	https://raw.githubusercontent.com/sami-soft/v2rayN_proxy/main/new1.txt
墙外	3	0	0	0	https://raw.githubusercontent.com/sh3d0ww02f/sh3d0ww02f.github.io/main/ssr.config
墙外	490	160	0	0	https://raw.githubusercontent.com/shabane/kamaji/master/hub/merged.txt
墙外	20	0	0	0	https://raw.githubusercontent.com/shbioc/clash/main/aaa01.yaml
墙外	449	0	0	0	https://raw.githubusercontent.com/sun9426/sun9426.github.io/main/subscribe/Clash.yaml
墙外	11	0	0	0	https://raw.githubusercontent.com/theGreatPeter/v2rayNodes/main/nodes.txt
墙外	76	0	0	0	https://raw.githubusercontent.com/tony0392/clash/main/clash.yaml
墙外	200	0	0	0	https://raw.githubusercontent.com/ts-sf/fly/main/clash
墙外	201	0	0	0	https://raw.githubusercontent.com/ts-sf/fly/main/v2
墙外	59	0	0	0	https://raw.githubusercontent.com/urcheng/v2wrc/main/clash
墙外	8	0	0	0	https://raw.githubusercontent.com/voken1/AutoSSR/master/online
墙外	11	0	0	0	https://raw.githubusercontent.com/voken1/AutoSSR/master/recent
墙外	5	0	0	0	https://raw.githubusercontent.com/voken1/AutoSSR/master/stable
墙外	222	0	0	0	https://raw.githubusercontent.com/vpei/free-node-1/main/o/proxies.txt
墙外	28	0	0	0	https://raw.githubusercontent.com/vxiaov/free_proxies/main/clash/clash.provider.yaml
墙外	3	0	0	0	https://raw.githubusercontent.com/wrfree/free/main/ssr
墙外	52	0	0	0	https://raw.githubusercontent.com/wrfree/free/main/v2
墙外	9	0	0	0	https://raw.githubusercontent.com/ww3087966946/c-/main/clash/all.yaml
墙外	18	0	0	0	https://raw.githubusercontent.com/wyq00000/test/main/data/test1
墙外	68	0	0	0	https://raw.githubusercontent.com/xbuffer/ClashData/main/Eternity.yaml
墙外	161	0	0	0	https://raw.githubusercontent.com/xiyaowong/freeFQ/main/v2ray
墙外	38	0	0	0	https://raw.githubusercontent.com/yaney01/Yaney01/main/temporary
墙外	26	0	0	0	https://raw.githubusercontent.com/yaney01/Yaney01/main/yaney_01
墙外	354	0	0	0	https://raw.githubusercontent.com/youfoundamin/V2rayCollector/main/mixed_iran.txt
墙外	99	0	3	3	https://raw.githubusercontent.com/yukikazemiyuki/dingyue/main/dizhi
墙外	144	0	1	0	https://raw.githubusercontent.com/zhangkaiitugithub/passcro/main/speednodes.yaml
墙外	11	0	0	0	https://raw.githubusercontent.com/zhou-jian-qq/clashFreeNode/main/clashNode.yaml
墙外	6	0	0	0	https://raw.githubusercontent.com/zjfb/SubCrawler/main/sub/share/all
墙内	182	0	0	0	https://shadowmere.akiel.dev/api/b64sub/
墙内	14	0	0	0	https://sub.reajason.eu.org/clash.yaml
墙外	253	0	0	0	https://weoknow.com/data/dayupdate/1/z.txt
墙外	241	0	0	0	https://weoknow.com/data/dayupdate/2/z.txt
墙内	4400	0	0	0	https://www.89ip.cn/
#墙内[3d10h]	13	0	0	0	https://www.criminalip.io/
墙内	471	0	35	2	https://www.free-proxy-servers.com/
墙内	49474	0	452	26	https://www.freeproxy.world/
墙内	240	0	0	0	https://www.kuaidaili.com/
墙内	946	0	0	0	https://www.lumiproxy.com/
墙外	280	0	5	0	https://www.my-proxy.com/
#墙外[66d11h]	52	0	1	0	https://www.proxydocker.com/
墙外	26	0	0	0	https://www.proxynova.com/
墙外	5142	0	9	0	https://www.proxyrack.com/
墙内	2	0	0	0	https://www.shodan.io/
墙内	19	0	0	0	https://www.xrayvip.com/free.txt
#墙外[79d8h]	541	0	19	4	https://www.zdaye.com/
#墙外[11d14h]	30	0	1	0	https://www.zoomeye.org/
墙内	88	0	6	1	wzdnzd/aggregator
